******************************************************************************
             TMS320C2000 Linker PC v6.2.7                      
******************************************************************************
>> Linked Mon Oct 28 19:26:05 2019

OUTPUT FILE NAME:   <C:/Users/Rodrigo/Documents/bandala/CONTROLADOR/CONTROLADOR_MAGLEV (C code)/CONTROLADOR_MAGLEV/../RamDebug/CONTROLADOR_MAGLEV.out>
ENTRY POINT SYMBOL: "code_start"  address: 00000000


MEMORY CONFIGURATION

         name            origin    length      used     unused   attr    fill
----------------------  --------  ---------  --------  --------  ----  --------
PAGE 0:
  BEGIN                 00000000   00000002  00000002  00000000  RWIX
  BOOT_RSVD             00000002   0000004e  00000000  0000004e  RWIX
  RAML0                 00008000   00008000  00007cd1  0000032f  RWIX
  ZONE7A                00200000   0000fc00  00000000  0000fc00  RWIX
  FLASH_ALL             00300000   0003ff80  00000000  0003ff80  RWIX
  CSM_RSVD              0033ff80   00000076  00000000  00000076  RWIX
  CSM_PWL               0033fff8   00000008  00000000  00000008  RWIX
  ADC_CAL               00380080   00000009  00000007  00000002  RWIX
  IQTABLES              003fe000   00000b50  00000000  00000b50  RWIX
  IQTABLES2             003feb50   0000008c  00000000  0000008c  RWIX
  FPUTABLES             003febdc   000006a0  00000000  000006a0  RWIX
  BOOTROM               003ff27c   00000d44  00000000  00000d44  RWIX
  RESET                 003fffc0   00000002  00000000  00000002  RWIX

PAGE 1:
  RAMM0                 00000050   000007b0  000007b0  00000000  RWIX
  DEV_EMU               00000880   00000180  000000d0  000000b0  RWIX
  FLASH_REGS            00000a80   00000060  00000008  00000058  RWIX
  CSM                   00000ae0   00000010  00000010  00000000  RWIX
  ADC_MIRROR            00000b00   00000010  00000010  00000000  RWIX
  XINTF                 00000b20   00000020  0000001e  00000002  RWIX
  CPU_TIMER0            00000c00   00000008  00000008  00000000  RWIX
  CPU_TIMER1            00000c08   00000008  00000008  00000000  RWIX
  CPU_TIMER2            00000c10   00000008  00000008  00000000  RWIX
  PIE_CTRL              00000ce0   00000020  0000001a  00000006  RWIX
  PIE_VECT              00000d00   00000100  00000100  00000000  RWIX
  DMA                   00001000   00000200  000000e0  00000120  RWIX
  MCBSPA                00005000   00000040  00000025  0000001b  RWIX
  MCBSPB                00005040   00000040  00000025  0000001b  RWIX
  ECANA                 00006000   00000040  00000034  0000000c  RWIX
  ECANA_LAM             00006040   00000040  00000040  00000000  RWIX
  ECANA_MOTS            00006080   00000040  00000040  00000000  RWIX
  ECANA_MOTO            000060c0   00000040  00000040  00000000  RWIX
  ECANA_MBOX            00006100   00000100  00000100  00000000  RWIX
  ECANB                 00006200   00000040  00000034  0000000c  RWIX
  ECANB_LAM             00006240   00000040  00000040  00000000  RWIX
  ECANB_MOTS            00006280   00000040  00000040  00000000  RWIX
  ECANB_MOTO            000062c0   00000040  00000040  00000000  RWIX
  ECANB_MBOX            00006300   00000100  00000100  00000000  RWIX
  EPWM1                 00006800   00000022  00000022  00000000  RWIX
  EPWM2                 00006840   00000022  00000022  00000000  RWIX
  EPWM3                 00006880   00000022  00000022  00000000  RWIX
  EPWM4                 000068c0   00000022  00000022  00000000  RWIX
  EPWM5                 00006900   00000022  00000022  00000000  RWIX
  EPWM6                 00006940   00000022  00000022  00000000  RWIX
  ECAP1                 00006a00   00000020  00000020  00000000  RWIX
  ECAP2                 00006a20   00000020  00000020  00000000  RWIX
  ECAP3                 00006a40   00000020  00000020  00000000  RWIX
  ECAP4                 00006a60   00000020  00000020  00000000  RWIX
  ECAP5                 00006a80   00000020  00000020  00000000  RWIX
  ECAP6                 00006aa0   00000020  00000020  00000000  RWIX
  EQEP1                 00006b00   00000040  00000040  00000000  RWIX
  EQEP2                 00006b40   00000040  00000040  00000000  RWIX
  GPIOCTRL              00006f80   00000040  0000002e  00000012  RWIX
  GPIODAT               00006fc0   00000020  00000020  00000000  RWIX
  GPIOINT               00006fe0   00000020  0000000a  00000016  RWIX
  SYSTEM                00007010   00000020  00000020  00000000  RWIX
  SPIA                  00007040   00000010  00000010  00000000  RWIX
  SCIA                  00007050   00000010  00000010  00000000  RWIX
  XINTRUPT              00007070   00000010  00000010  00000000  RWIX
  ADC                   00007100   00000020  0000001e  00000002  RWIX
  SCIB                  00007750   00000010  00000010  00000000  RWIX
  SCIC                  00007770   00000010  00000010  00000000  RWIX
  I2CA                  00007900   00000040  00000022  0000001e  RWIX
  ZONE7B                0020fc00   00000400  00000000  00000400  RWIX
  CSM_PWL               0033fff8   00000008  00000008  00000000  RWIX


SECTION ALLOCATION MAP

 output                                  attributes/
section   page    origin      length       input sections
--------  ----  ----------  ----------   ----------------
codestart 
*          0    00000000    00000002     
                  00000000    00000002     PsBiosRamF33xFloat.lib : DSP2833x_CodeStartBranch.obj (codestart)

.pinit     0    00008000    00000000     UNINITIALIZED

.ebss      0    00008000    00004c3c     UNINITIALIZED
                  00008000    00004b80     CONTROLADOR_MAGLEV.obj (.ebss)
                  0000cb80    00000058     PsBiosRamF33xFloat.lib : Pwm.obj (.ebss)
                  0000cbd8    00000014                            : Sci.obj (.ebss)
                  0000cbec    0000000e                            : PwmHalf.obj (.ebss)
                  0000cbfa    00000004                            : Timer.obj (.ebss)
                  0000cbfe    00000001                            : SysInit.obj (.ebss)
                  0000cbff    00000001     rts2800_fpu32.lib : errno.obj (.ebss)
                  0000cc00    00000034     PsBiosRamF33xFloat.lib : Adc.obj (.ebss)
                  0000cc34    00000004     rts2800_fpu32.lib : _lock.obj (.ebss)
                  0000cc38    00000004                       : exit.obj (.ebss)

.text      0    0000cc3c    00002e96     
                  0000cc3c    00000778     PsBiosRamF33xFloat.lib : Pwm.obj (.text)
                  0000d3b4    0000072e                            : Pwm3Ph.obj (.text)
                  0000dae2    00000714     CONTROLADOR_MAGLEV.obj (.text:retain)
                  0000e1f6    00000554     CONTROLADOR_MAGLEV.obj (.text)
                  0000e74a    00000430     PsBiosRamF33xFloat.lib : Capture.obj (.text)
                  0000eb7a    0000036d                            : Adc.obj (.text)
                  0000eee7    0000027f                            : DigitIn.obj (.text)
                  0000f166    00000204                            : PwmHalf.obj (.text)
                  0000f36a    000001ac                            : Sci.obj (.text)
                  0000f516    00000164                            : Sci.obj (.text:retain)
                  0000f67a    00000162                            : SysInit.obj (.text)
                  0000f7dc    000000a3                            : Timer.obj (.text)
                  0000f87f    00000068     rts2800_fpu32.lib : exp.obj (.text)
                  0000f8e7    0000005a                       : pow.obj (.text)
                  0000f941    00000050                       : _log.obj (.text)
                  0000f991    00000046                       : boot.obj (.text)
                  0000f9d7    00000031                       : ldexp.obj (.text)
                  0000fa08    00000022                       : i_div.obj (.text)
                  0000fa2a    0000001a     PsBiosRamF33xFloat.lib : Timer.obj (.text:retain)
                  0000fa44    00000019     rts2800_fpu32.lib : args_main.obj (.text)
                  0000fa5d    00000019                       : exit.obj (.text)
                  0000fa76    00000019     rts2800_fpu32_fast_supplement.lib : div_f32.obj (.text)
                  0000fa8f    00000016     rts2800_fpu32.lib : frexp.obj (.text)
                  0000faa5    0000000d     PsBiosRamF33xFloat.lib : SysInit.obj (.text:retain)
                  0000fab2    0000000b     rts2800_fpu32.lib : u_div.obj (.text)
                  0000fabd    00000009                       : _lock.obj (.text)
                  0000fac6    00000008     PsBiosRamF33xFloat.lib : DSP2833x_CodeStartBranch.obj (.text)
                  0000face    00000004                            : DSP2833x_usDelay.obj (.text)

.cinit     0    0000fad2    00000113     
                  0000fad2    000000e1     CONTROLADOR_MAGLEV.obj (.cinit)
                  0000fbb3    0000000d     PsBiosRamF33xFloat.lib : Sci.obj (.cinit)
                  0000fbc0    0000000a     rts2800_fpu32.lib : _lock.obj (.cinit)
                  0000fbca    0000000a                       : exit.obj (.cinit)
                  0000fbd4    00000007     PsBiosRamF33xFloat.lib : Timer.obj (.cinit)
                  0000fbdb    00000004                            : PwmHalf.obj (.cinit)
                  0000fbdf    00000004     rts2800_fpu32.lib : errno.obj (.cinit)
                  0000fbe3    00000002     --HOLE-- [fill = 0]

.econst    0    0000fbe6    000000cc     
                  0000fbe6    000000b2     CONTROLADOR_MAGLEV.obj (.econst:.string)
                  0000fc98    0000000c     PsBiosRamF33xFloat.lib : Capture.obj (.econst:_aryCapRegs)
                  0000fca4    0000000c                            : Pwm.obj (.econst:_pPwmRegs)
                  0000fcb0    00000002     CONTROLADOR_MAGLEV.obj (.econst)

.switch    0    0000fcb2    00000020     
                  0000fcb2    00000020     PsBiosRamF33xFloat.lib : Adc.obj (.switch:_PS_AdcInit)

csm_rsvd   0    0033ff80    00000000     DSECT

csmpasswds 
*          0    0033fff8    00000000     DSECT

.adc_cal   0    00380080    00000007     NOLOAD SECTION
                  00380080    00000007     PsBiosRamF33xFloat.lib : DSP2833x_ADC_cal.obj (.adc_cal)

.reset     0    003fffc0    00000002     DSECT
                  003fffc0    00000002     rts2800_fpu32.lib : boot.obj (.reset)

.stack     1    00000050    000007b0     UNINITIALIZED
                  00000050    000007b0     --HOLE--

DevEmuRegsFile 
*          1    00000880    000000d0     UNINITIALIZED
                  00000880    000000d0     PsBiosRamF33xFloat.lib : DSP2833x_GlobalVariableDefs.obj (DevEmuRegsFile)

FlashRegsFile 
*          1    00000a80    00000008     UNINITIALIZED
                  00000a80    00000008     PsBiosRamF33xFloat.lib : DSP2833x_GlobalVariableDefs.obj (FlashRegsFile)

CsmRegsFile 
*          1    00000ae0    00000010     UNINITIALIZED
                  00000ae0    00000010     PsBiosRamF33xFloat.lib : DSP2833x_GlobalVariableDefs.obj (CsmRegsFile)

AdcMirrorFile 
*          1    00000b00    00000010     UNINITIALIZED
                  00000b00    00000010     PsBiosRamF33xFloat.lib : DSP2833x_GlobalVariableDefs.obj (AdcMirrorFile)

XintfRegsFile 
*          1    00000b20    0000001e     UNINITIALIZED
                  00000b20    0000001e     PsBiosRamF33xFloat.lib : DSP2833x_GlobalVariableDefs.obj (XintfRegsFile)

CpuTimer0RegsFile 
*          1    00000c00    00000008     UNINITIALIZED
                  00000c00    00000008     PsBiosRamF33xFloat.lib : DSP2833x_GlobalVariableDefs.obj (CpuTimer0RegsFile)

CpuTimer1RegsFile 
*          1    00000c08    00000008     UNINITIALIZED
                  00000c08    00000008     PsBiosRamF33xFloat.lib : DSP2833x_GlobalVariableDefs.obj (CpuTimer1RegsFile)

CpuTimer2RegsFile 
*          1    00000c10    00000008     UNINITIALIZED
                  00000c10    00000008     PsBiosRamF33xFloat.lib : DSP2833x_GlobalVariableDefs.obj (CpuTimer2RegsFile)

PieCtrlRegsFile 
*          1    00000ce0    0000001a     UNINITIALIZED
                  00000ce0    0000001a     PsBiosRamF33xFloat.lib : DSP2833x_GlobalVariableDefs.obj (PieCtrlRegsFile)

PieVectTableFile 
*          1    00000d00    00000100     UNINITIALIZED
                  00000d00    00000100     PsBiosRamF33xFloat.lib : DSP2833x_GlobalVariableDefs.obj (PieVectTableFile)

DmaRegsFile 
*          1    00001000    000000e0     UNINITIALIZED
                  00001000    000000e0     PsBiosRamF33xFloat.lib : DSP2833x_GlobalVariableDefs.obj (DmaRegsFile)

McbspaRegsFile 
*          1    00005000    00000025     UNINITIALIZED
                  00005000    00000025     PsBiosRamF33xFloat.lib : DSP2833x_GlobalVariableDefs.obj (McbspaRegsFile)

McbspbRegsFile 
*          1    00005040    00000025     UNINITIALIZED
                  00005040    00000025     PsBiosRamF33xFloat.lib : DSP2833x_GlobalVariableDefs.obj (McbspbRegsFile)

ECanaRegsFile 
*          1    00006000    00000034     UNINITIALIZED
                  00006000    00000034     PsBiosRamF33xFloat.lib : DSP2833x_GlobalVariableDefs.obj (ECanaRegsFile)

ECanaLAMRegsFile 
*          1    00006040    00000040     UNINITIALIZED
                  00006040    00000040     PsBiosRamF33xFloat.lib : DSP2833x_GlobalVariableDefs.obj (ECanaLAMRegsFile)

ECanaMOTSRegsFile 
*          1    00006080    00000040     UNINITIALIZED
                  00006080    00000040     PsBiosRamF33xFloat.lib : DSP2833x_GlobalVariableDefs.obj (ECanaMOTSRegsFile)

ECanaMOTORegsFile 
*          1    000060c0    00000040     UNINITIALIZED
                  000060c0    00000040     PsBiosRamF33xFloat.lib : DSP2833x_GlobalVariableDefs.obj (ECanaMOTORegsFile)

ECanaMboxesFile 
*          1    00006100    00000100     UNINITIALIZED
                  00006100    00000100     PsBiosRamF33xFloat.lib : DSP2833x_GlobalVariableDefs.obj (ECanaMboxesFile)

ECanbRegsFile 
*          1    00006200    00000034     UNINITIALIZED
                  00006200    00000034     PsBiosRamF33xFloat.lib : DSP2833x_GlobalVariableDefs.obj (ECanbRegsFile)

ECanbLAMRegsFile 
*          1    00006240    00000040     UNINITIALIZED
                  00006240    00000040     PsBiosRamF33xFloat.lib : DSP2833x_GlobalVariableDefs.obj (ECanbLAMRegsFile)

ECanbMOTSRegsFile 
*          1    00006280    00000040     UNINITIALIZED
                  00006280    00000040     PsBiosRamF33xFloat.lib : DSP2833x_GlobalVariableDefs.obj (ECanbMOTSRegsFile)

ECanbMOTORegsFile 
*          1    000062c0    00000040     UNINITIALIZED
                  000062c0    00000040     PsBiosRamF33xFloat.lib : DSP2833x_GlobalVariableDefs.obj (ECanbMOTORegsFile)

ECanbMboxesFile 
*          1    00006300    00000100     UNINITIALIZED
                  00006300    00000100     PsBiosRamF33xFloat.lib : DSP2833x_GlobalVariableDefs.obj (ECanbMboxesFile)

EPwm1RegsFile 
*          1    00006800    00000022     UNINITIALIZED
                  00006800    00000022     PsBiosRamF33xFloat.lib : DSP2833x_GlobalVariableDefs.obj (EPwm1RegsFile)

EPwm2RegsFile 
*          1    00006840    00000022     UNINITIALIZED
                  00006840    00000022     PsBiosRamF33xFloat.lib : DSP2833x_GlobalVariableDefs.obj (EPwm2RegsFile)

EPwm3RegsFile 
*          1    00006880    00000022     UNINITIALIZED
                  00006880    00000022     PsBiosRamF33xFloat.lib : DSP2833x_GlobalVariableDefs.obj (EPwm3RegsFile)

EPwm4RegsFile 
*          1    000068c0    00000022     UNINITIALIZED
                  000068c0    00000022     PsBiosRamF33xFloat.lib : DSP2833x_GlobalVariableDefs.obj (EPwm4RegsFile)

EPwm5RegsFile 
*          1    00006900    00000022     UNINITIALIZED
                  00006900    00000022     PsBiosRamF33xFloat.lib : DSP2833x_GlobalVariableDefs.obj (EPwm5RegsFile)

EPwm6RegsFile 
*          1    00006940    00000022     UNINITIALIZED
                  00006940    00000022     PsBiosRamF33xFloat.lib : DSP2833x_GlobalVariableDefs.obj (EPwm6RegsFile)

ECap1RegsFile 
*          1    00006a00    00000020     UNINITIALIZED
                  00006a00    00000020     PsBiosRamF33xFloat.lib : DSP2833x_GlobalVariableDefs.obj (ECap1RegsFile)

ECap2RegsFile 
*          1    00006a20    00000020     UNINITIALIZED
                  00006a20    00000020     PsBiosRamF33xFloat.lib : DSP2833x_GlobalVariableDefs.obj (ECap2RegsFile)

ECap3RegsFile 
*          1    00006a40    00000020     UNINITIALIZED
                  00006a40    00000020     PsBiosRamF33xFloat.lib : DSP2833x_GlobalVariableDefs.obj (ECap3RegsFile)

ECap4RegsFile 
*          1    00006a60    00000020     UNINITIALIZED
                  00006a60    00000020     PsBiosRamF33xFloat.lib : DSP2833x_GlobalVariableDefs.obj (ECap4RegsFile)

ECap5RegsFile 
*          1    00006a80    00000020     UNINITIALIZED
                  00006a80    00000020     PsBiosRamF33xFloat.lib : DSP2833x_GlobalVariableDefs.obj (ECap5RegsFile)

ECap6RegsFile 
*          1    00006aa0    00000020     UNINITIALIZED
                  00006aa0    00000020     PsBiosRamF33xFloat.lib : DSP2833x_GlobalVariableDefs.obj (ECap6RegsFile)

EQep1RegsFile 
*          1    00006b00    00000040     UNINITIALIZED
                  00006b00    00000040     PsBiosRamF33xFloat.lib : DSP2833x_GlobalVariableDefs.obj (EQep1RegsFile)

EQep2RegsFile 
*          1    00006b40    00000040     UNINITIALIZED
                  00006b40    00000040     PsBiosRamF33xFloat.lib : DSP2833x_GlobalVariableDefs.obj (EQep2RegsFile)

GpioCtrlRegsFile 
*          1    00006f80    0000002e     UNINITIALIZED
                  00006f80    0000002e     PsBiosRamF33xFloat.lib : DSP2833x_GlobalVariableDefs.obj (GpioCtrlRegsFile)

GpioDataRegsFile 
*          1    00006fc0    00000020     UNINITIALIZED
                  00006fc0    00000020     PsBiosRamF33xFloat.lib : DSP2833x_GlobalVariableDefs.obj (GpioDataRegsFile)

GpioIntRegsFile 
*          1    00006fe0    0000000a     UNINITIALIZED
                  00006fe0    0000000a     PsBiosRamF33xFloat.lib : DSP2833x_GlobalVariableDefs.obj (GpioIntRegsFile)

SysCtrlRegsFile 
*          1    00007010    00000020     UNINITIALIZED
                  00007010    00000020     PsBiosRamF33xFloat.lib : DSP2833x_GlobalVariableDefs.obj (SysCtrlRegsFile)

SpiaRegsFile 
*          1    00007040    00000010     UNINITIALIZED
                  00007040    00000010     PsBiosRamF33xFloat.lib : DSP2833x_GlobalVariableDefs.obj (SpiaRegsFile)

SciaRegsFile 
*          1    00007050    00000010     UNINITIALIZED
                  00007050    00000010     PsBiosRamF33xFloat.lib : DSP2833x_GlobalVariableDefs.obj (SciaRegsFile)

XIntruptRegsFile 
*          1    00007070    00000010     UNINITIALIZED
                  00007070    00000010     PsBiosRamF33xFloat.lib : DSP2833x_GlobalVariableDefs.obj (XIntruptRegsFile)

AdcRegsFile 
*          1    00007100    0000001e     UNINITIALIZED
                  00007100    0000001e     PsBiosRamF33xFloat.lib : DSP2833x_GlobalVariableDefs.obj (AdcRegsFile)

ScibRegsFile 
*          1    00007750    00000010     UNINITIALIZED
                  00007750    00000010     PsBiosRamF33xFloat.lib : DSP2833x_GlobalVariableDefs.obj (ScibRegsFile)

ScicRegsFile 
*          1    00007770    00000010     UNINITIALIZED
                  00007770    00000010     PsBiosRamF33xFloat.lib : DSP2833x_GlobalVariableDefs.obj (ScicRegsFile)

I2caRegsFile 
*          1    00007900    00000022     UNINITIALIZED
                  00007900    00000022     PsBiosRamF33xFloat.lib : DSP2833x_GlobalVariableDefs.obj (I2caRegsFile)

CsmPwlFile 
*          1    0033fff8    00000008     UNINITIALIZED
                  0033fff8    00000008     PsBiosRamF33xFloat.lib : DSP2833x_GlobalVariableDefs.obj (CsmPwlFile)


GLOBAL DATA SYMBOLS: SORTED BY DATA PAGE

address     data page           name
--------    ----------------    ----
00000050       1 (00000040)     __stack

00000880      22 (00000880)     _DevEmuRegs

00000a80      2a (00000a80)     _FlashRegs

00000ae0      2b (00000ac0)     _CsmRegs

00000b00      2c (00000b00)     _AdcMirror
00000b20      2c (00000b00)     _XintfRegs

00000c00      30 (00000c00)     _CpuTimer0Regs
00000c08      30 (00000c00)     _CpuTimer1Regs
00000c10      30 (00000c00)     _CpuTimer2Regs

00000ce0      33 (00000cc0)     _PieCtrlRegs

00000d00      34 (00000d00)     _PieVectTable

00001000      40 (00001000)     _DmaRegs

00005000     140 (00005000)     _McbspaRegs

00005040     141 (00005040)     _McbspbRegs

00006000     180 (00006000)     _ECanaRegs

00006040     181 (00006040)     _ECanaLAMRegs

00006080     182 (00006080)     _ECanaMOTSRegs

000060c0     183 (000060c0)     _ECanaMOTORegs

00006100     184 (00006100)     _ECanaMboxes

00006200     188 (00006200)     _ECanbRegs

00006240     189 (00006240)     _ECanbLAMRegs

00006280     18a (00006280)     _ECanbMOTSRegs

000062c0     18b (000062c0)     _ECanbMOTORegs

00006300     18c (00006300)     _ECanbMboxes

00006800     1a0 (00006800)     _EPwm1Regs

00006840     1a1 (00006840)     _EPwm2Regs

00006880     1a2 (00006880)     _EPwm3Regs

000068c0     1a3 (000068c0)     _EPwm4Regs

00006900     1a4 (00006900)     _EPwm5Regs

00006940     1a5 (00006940)     _EPwm6Regs

00006a00     1a8 (00006a00)     _ECap1Regs
00006a20     1a8 (00006a00)     _ECap2Regs

00006a40     1a9 (00006a40)     _ECap3Regs
00006a60     1a9 (00006a40)     _ECap4Regs

00006a80     1aa (00006a80)     _ECap5Regs
00006aa0     1aa (00006a80)     _ECap6Regs

00006b00     1ac (00006b00)     _EQep1Regs

00006b40     1ad (00006b40)     _EQep2Regs

00006f80     1be (00006f80)     _GpioCtrlRegs

00006fc0     1bf (00006fc0)     _GpioDataRegs
00006fe0     1bf (00006fc0)     _GpioIntRegs

00007010     1c0 (00007000)     _SysCtrlRegs

00007040     1c1 (00007040)     _SpiaRegs
00007050     1c1 (00007040)     _SciaRegs
00007070     1c1 (00007040)     _XIntruptRegs

00007100     1c4 (00007100)     _AdcRegs

00007750     1dd (00007740)     _ScibRegs
00007770     1dd (00007740)     _ScicRegs

00007900     1e4 (00007900)     _I2caRegs

00008000     200 (00008000)     _nGblSciState
0000800c     200 (00008000)     _fGblUDELAY6
0000800e     200 (00008000)     _fGblMULT45
00008010     200 (00008000)     _fGblUDELAY9
00008012     200 (00008000)     _fGblUDELAY4
00008014     200 (00008000)     _fGblUDELAY11
0000802a     200 (00008000)     _fGblSUMP9
0000802c     200 (00008000)     _fGblSUMP6
0000802e     200 (00008000)     _fGblSUMP21
00008030     200 (00008000)     _fGblP19
00008032     200 (00008000)     _aGblSciInitStr
00008034     200 (00008000)     _fGblUDELAY5
00008036     200 (00008000)     _fGblMULT46
00008038     200 (00008000)     _fGblFunVar55
0000803a     200 (00008000)     _fGblMULT23
0000803c     200 (00008000)     _fGblUDELAY3
0000803e     200 (00008000)     _fGblMULT14

00008040     201 (00008040)     _fGblMULT33
00008042     201 (00008040)     _fGblMULT22
00008046     201 (00008040)     _aGblSciInValue
0000804c     201 (00008040)     _aGblSciOutCnt
00008057     201 (00008040)     _aGblSciDateSetPt
00008062     201 (00008040)     _aGblSciOutAllow

00008080     202 (00008080)     _aGblSciOutBuf

0000cb80     32e (0000cb80)     _PSA_AryRatio
0000cb98     32e (0000cb80)     _PSA_AryMinVal

0000cbc0     32f (0000cbc0)     _PSA_AryMaxVal
0000cbd8     32f (0000cbc0)     _PSD_nSciNo
0000cbdc     32f (0000cbc0)     _PSD_pSciRegs
0000cbe2     32f (0000cbc0)     _PSD_Tcom0
0000cbfe     32f (0000cbc0)     _PSD_CpuClock
0000cbff     32f (0000cbc0)     _errno

0000cc34     330 (0000cc00)     __unlock
0000cc36     330 (0000cc00)     __lock
0000cc38     330 (0000cc00)     ___TI_cleanup_ptr
0000cc3a     330 (0000cc00)     ___TI_dtors_ptr

0000fc98     3f2 (0000fc80)     _aryCapRegs
0000fca4     3f2 (0000fc80)     _pPwmRegs

0033fff8    cfff (0033ffc0)     _CsmPwl


GLOBAL SYMBOLS: SORTED ALPHABETICALLY BY Name 

address    name
--------   ----
0000cc3c   .text
0000fa5d   C$$EXIT
0000fa76   FS$$DIV
0000fa08   I$$DIV
0000fa19   I$$MOD
0000fab2   U$$DIV
0000fab7   U$$MOD
00380080   _ADC_cal
00000b00   _AdcMirror
00007100   _AdcRegs
00000c00   _CpuTimer0Regs
00000c08   _CpuTimer1Regs
00000c10   _CpuTimer2Regs
0033fff8   _CsmPwl
00000ae0   _CsmRegs
0000face   _DSP28x_usDelay
00000880   _DevEmuRegs
00001000   _DmaRegs
00006040   _ECanaLAMRegs
000060c0   _ECanaMOTORegs
00006080   _ECanaMOTSRegs
00006100   _ECanaMboxes
00006000   _ECanaRegs
00006240   _ECanbLAMRegs
000062c0   _ECanbMOTORegs
00006280   _ECanbMOTSRegs
00006300   _ECanbMboxes
00006200   _ECanbRegs
00006a00   _ECap1Regs
00006a20   _ECap2Regs
00006a40   _ECap3Regs
00006a60   _ECap4Regs
00006a80   _ECap5Regs
00006aa0   _ECap6Regs
00006800   _EPwm1Regs
00006840   _EPwm2Regs
00006880   _EPwm3Regs
000068c0   _EPwm4Regs
00006900   _EPwm5Regs
00006940   _EPwm6Regs
00006b00   _EQep1Regs
00006b40   _EQep2Regs
00000a80   _FlashRegs
00006f80   _GpioCtrlRegs
00006fc0   _GpioDataRegs
00006fe0   _GpioIntRegs
00007900   _I2caRegs
0000e6b6   _Initialize
00005000   _McbspaRegs
00005040   _McbspbRegs
0000cbc0   _PSA_AryMaxVal
0000cb98   _PSA_AryMinVal
0000cb80   _PSA_AryRatio
0000cbfe   _PSD_CpuClock
0000cbe2   _PSD_Tcom0
0000cbd8   _PSD_nSciNo
0000cbdc   _PSD_pSciRegs
0000f055   _PSI_AskSampleClkSetting
0000f2b0   _PSI_CalCapClkDiv
0000d0f6   _PSI_CalClkDiv
0000e7d9   _PSI_CapSetGpio
0000d0d8   _PSI_CheckCode
0000f67a   _PSI_DisableDog
0000eb6b   _PSI_GetCapRegs
0000f7c7   _PSI_GetLspClk
0000cc3c   _PSI_GetPwmRegPt
0000d871   _PSI_InitEPwmGpio
0000d1e8   _PSI_InitOnePwm
0000f682   _PSI_InitPLLCR
0000f6d0   _PSI_InitPeripheralClocks
0000f737   _PSI_InitPieCtrl
0000f759   _PSI_InitPieVectTable
0000f72f   _PSI_InitSysCtrl
0000cd39   _PSI_InitTzGpio
0000faa5   _PSI_ReservedISR
0000f5e7   _PSI_SciRxIntAISR
0000f516   _PSI_SciTxIntAISR
0000ebe2   _PSI_SetAdType
0000ecd9   _PSI_SetAdcSpeed
0000d1be   _PSI_SetPwmAction
0000cead   _PSI_SetPwmPeakOffset
0000cf04   _PSI_SetPwmTrigPos
0000cc75   _PSI_SetPwmVector
0000fa2a   _PSI_SysTimerIntr
0000ed52   _PS_AdcInit
0000f364   _PS_CapPwmRun
0000f34b   _PS_CapPwmSetPhase
0000f345   _PS_CapPwmTrigSync
0000f7a4   _PS_DelayMs
0000f786   _PS_DelayUs
0000d3ab   _PS_EnableMasterPhase
0000d07b   _PS_EnableSlavePhase
0000eb62   _PS_ExitCapture1Intr
0000eb59   _PS_ExitCapture2Intr
0000eb50   _PS_ExitCapture3Intr
0000eb47   _PS_ExitCapture4Intr
0000eb3e   _PS_ExitCapture5Intr
0000eb35   _PS_ExitCapture6Intr
0000f161   _PS_ExitExtIntrFirst2
0000f15c   _PS_ExitExtIntrOther
0000d38e   _PS_ExitPwm1General
0000d371   _PS_ExitPwm2General
0000d354   _PS_ExitPwm3General
0000dad4   _PS_ExitPwm3ph1Adc1Intr
0000dac7   _PS_ExitPwm3ph1Adc1Trig
0000dab9   _PS_ExitPwm3ph1Adc2Intr
0000daac   _PS_ExitPwm3ph1Adc2Trig
0000da8f   _PS_ExitPwm3ph1General
0000da86   _PS_ExitPwm3ph1Normal
0000da81   _PS_ExitPwm3ph1TZoneIntr
0000da69   _PS_ExitPwm3ph1TZoneIntrClrCbc
0000da51   _PS_ExitPwm3ph1TZoneIntrClrOsht
0000da43   _PS_ExitPwm3ph2Adc1Intr
0000da36   _PS_ExitPwm3ph2Adc1Trig
0000da28   _PS_ExitPwm3ph2Adc2Intr
0000da1b   _PS_ExitPwm3ph2Adc2Trig
0000d9fe   _PS_ExitPwm3ph2General
0000d9f5   _PS_ExitPwm3ph2Normal
0000d9f0   _PS_ExitPwm3ph2TZoneIntr
0000d9d8   _PS_ExitPwm3ph2TZoneIntrClrCbc
0000d9c0   _PS_ExitPwm3ph2TZoneIntrClrOsht
0000d337   _PS_ExitPwm4General
0000d31a   _PS_ExitPwm5General
0000d2fd   _PS_ExitPwm6General
0000d2ef   _PS_ExitPwmAdc1Intr
0000d2e1   _PS_ExitPwmAdc1Trig
0000d2d3   _PS_ExitPwmAdc2Intr
0000d2c5   _PS_ExitPwmAdc2Trig
0000d2a6   _PS_ExitPwmGeneral
0000d29c   _PS_ExitPwmNormal
0000d297   _PS_ExitTZoneIntr
0000d283   _PS_ExitTZoneIntrClrCbc
0000d26f   _PS_ExitTZoneIntrClrOsht
0000ecb7   _PS_GetAcAdc
0000ecb2   _PS_GetAdcValue
0000f869   _PS_GetBigTime
0000eb2d   _PS_GetCap1CurCount
0000eb17   _PS_GetCap1CurTime
0000eb0f   _PS_GetCap2CurCount
0000eaf9   _PS_GetCap2CurTime
0000eaf1   _PS_GetCap3CurCount
0000eadb   _PS_GetCap3CurTime
0000ead3   _PS_GetCap4CurCount
0000eabd   _PS_GetCap4CurTime
0000eab5   _PS_GetCap5CurCount
0000ea9f   _PS_GetCap5CurTime
0000ea97   _PS_GetCap6CurCount
0000ea81   _PS_GetCap6CurTime
0000ea7d   _PS_GetCapture1Cap1
0000ea6c   _PS_GetCapture1Cap1Time
0000ea68   _PS_GetCapture1Cap2
0000ea57   _PS_GetCapture1Cap2Time
0000ea53   _PS_GetCapture2Cap1
0000ea42   _PS_GetCapture2Cap1Time
0000ea3e   _PS_GetCapture2Cap2
0000ea2d   _PS_GetCapture2Cap2Time
0000ea29   _PS_GetCapture3Cap1
0000ea18   _PS_GetCapture3Cap1Time
0000ea14   _PS_GetCapture3Cap2
0000ea03   _PS_GetCapture3Cap2Time
0000e9ff   _PS_GetCapture4Cap1
0000e9ee   _PS_GetCapture4Cap1Time
0000e9ea   _PS_GetCapture4Cap2
0000e9d9   _PS_GetCapture4Cap2Time
0000e9d5   _PS_GetCapture5Cap1
0000e9c4   _PS_GetCapture5Cap1Time
0000e9c0   _PS_GetCapture5Cap2
0000e9af   _PS_GetCapture5Cap2Time
0000e9ab   _PS_GetCapture6Cap1
0000e99a   _PS_GetCapture6Cap1Time
0000e996   _PS_GetCapture6Cap2
0000e985   _PS_GetCapture6Cap2Time
0000e959   _PS_GetCaptureCount
0000ec98   _PS_GetDcAdc
0000f158   _PS_GetDigitInA
0000f154   _PS_GetDigitInB
0000f150   _PS_GetDigitInC
0000f130   _PS_GetDigitInValue
0000f864   _PS_GetSysTimer
0000f2db   _PS_InitCapPwm
0000f281   _PS_InitCapPwmPhase
0000e8e6   _PS_InitCapture
0000f092   _PS_InitDigitIn
0000d248   _PS_InitPwm
0000d97e   _PS_InitPwm3ph
0000d0c9   _PS_InitPwmPhase
0000f7f8   _PS_InitTimer
0000ec93   _PS_IsAdcGrpAReady
0000ec8d   _PS_IsAdcGrpBReady
0000d075   _PS_IsPwm1OneShotTZ
0000d06f   _PS_IsPwm2OneShotTZ
0000d069   _PS_IsPwm3OneShotTZ
0000d063   _PS_IsPwm4OneShotTZ
0000d05d   _PS_IsPwm5OneShotTZ
0000d057   _PS_IsPwm6OneShotTZ
0000e7d3   _PS_IsRisingEdgeCap1
0000e7cd   _PS_IsRisingEdgeCap2
0000e7c7   _PS_IsRisingEdgeCap3
0000e7c1   _PS_IsRisingEdgeCap4
0000e7bb   _PS_IsRisingEdgeCap5
0000e7b5   _PS_IsRisingEdgeCap6
0000f50b   _PS_IsTxBufEmpty
0000f503   _PS_IsTxQueueEmpty
0000ec7b   _PS_ResetAdcConvSeq
0000f4fe   _PS_SciClearSendBuf
0000f3b2   _PS_SciInit
0000f39a   _PS_SciSendInitStr
0000f36a   _PS_SciSendItem
0000ec02   _PS_SetAdcConvSeq
0000ebc9   _PS_SetAdcIntrVector
0000f223   _PS_SetCapPwmIntrVector
0000f200   _PS_SetCapPwmPeakOffset
0000f193   _PS_SetCapPwmRate
0000e74a   _PS_SetCaptureIntrVector
0000ef46   _PS_SetExtIntrVector
0000d78f   _PS_SetHRPwm3ph1Uvw
0000d6a1   _PS_SetHRPwm3ph2Uvw
0000cffc   _PS_SetHRPwmRate
0000eee7   _PS_SetInSigSampleTime
0000d69b   _PS_SetPwm3ph1AdcIntr
0000d685   _PS_SetPwm3ph1TripZone
0000d675   _PS_SetPwm3ph1TzAct
0000d5ef   _PS_SetPwm3ph1UvwSH
0000d571   _PS_SetPwm3ph1UvwSL
0000d56c   _PS_SetPwm3ph1Vector
0000d566   _PS_SetPwm3ph2AdcIntr
0000d550   _PS_SetPwm3ph2TripZone
0000d540   _PS_SetPwm3ph2TzAct
0000d4b2   _PS_SetPwm3ph2UvwSH
0000d42a   _PS_SetPwm3ph2UvwSL
0000d425   _PS_SetPwm3ph2Vector
0000d3f4   _PS_SetPwm3phPeakOffset
0000cf34   _PS_SetPwmIntrType
0000cef9   _PS_SetPwmPeakOffset
0000ce72   _PS_SetPwmRateSH
0000ce37   _PS_SetPwmRateSL
0000cdd4   _PS_SetPwmTZVector
0000cd9d   _PS_SetPwmTripZone
0000cd13   _PS_SetPwmTzAct
0000ccba   _PS_SetPwmVector
0000f7dc   _PS_SetTimerIntrVector
0000f181   _PS_StartCapPwm
0000cc64   _PS_StartPwm
0000d3e4   _PS_StartPwm3ph1
0000d3d4   _PS_StartPwm3ph2
0000cc54   _PS_StartStopPwmClock
0000f166   _PS_StopCapPwm
0000cc4b   _PS_StopPwm
0000d3c4   _PS_StopPwm3ph1
0000d3b4   _PS_StopPwm3ph2
0000f769   _PS_SysInit
0000ebc2   _PS_WaitAdcGrpA
0000eb9e   _PS_WaitAdcGrpAReady
0000eb7a   _PS_WaitAdcGrpBReady
00000ce0   _PieCtrlRegs
00000d00   _PieVectTable
00007050   _SciaRegs
00007750   _ScibRegs
00007770   _ScicRegs
00007040   _SpiaRegs
00007010   _SysCtrlRegs
0000dae2   _Task
0000e3a3   _TaskS2
0000e125   _Task_1
0000e161   _Task_2
00007070   _XIntruptRegs
00000b20   _XintfRegs
0000e1f6   __ProcSciInputItem
0000e2f0   __ProcSciOutput
0000e2ac   __ProcSciRestart
0000e2de   __ProcSciWaitStart
00000800   __STACK_END
000007b0   __STACK_SIZE
00000001   __TI_args_main
0000cc38   ___TI_cleanup_ptr
0000cc3a   ___TI_dtors_ptr
ffffffff   ___binit__
ffffffff   ___c_args__
0000fad2   ___cinit__
0000fad2   ___etext__
ffffffff   ___pinit__
0000cc3c   ___text__
0000fa44   __args_main
0000cc36   __lock
0000f941   __log
0000fac5   __nop
0000fac1   __register_lock
0000fabd   __register_unlock
00000050   __stack
0000cc34   __unlock
00008057   _aGblSciDateSetPt
00008046   _aGblSciInValue
00008032   _aGblSciInitStr
00008062   _aGblSciOutAllow
00008080   _aGblSciOutBuf
0000804c   _aGblSciOutCnt
0000fa5d   _abort
0000fc98   _aryCapRegs
0000f991   _c_int00
0000cbff   _errno
0000fa5f   _exit
0000f87f   _exp
00008038   _fGblFunVar55
0000803e   _fGblMULT14
00008042   _fGblMULT22
0000803a   _fGblMULT23
00008040   _fGblMULT33
0000800e   _fGblMULT45
00008036   _fGblMULT46
00008030   _fGblP19
0000802e   _fGblSUMP21
0000802c   _fGblSUMP6
0000802a   _fGblSUMP9
00008014   _fGblUDELAY11
0000803c   _fGblUDELAY3
00008012   _fGblUDELAY4
00008034   _fGblUDELAY5
0000800c   _fGblUDELAY6
00008010   _fGblUDELAY9
0000fa8f   _frexp
0000f9d7   _ldexp
0000e742   _main
00008000   _nGblSciState
0000fca4   _pPwmRegs
0000f8e7   _pow
ffffffff   binit
0000fad2   cinit
00000000   code_start
0000fad2   etext
ffffffff   pinit


GLOBAL SYMBOLS: SORTED BY Symbol Address 

address    name
--------   ----
00000000   code_start
00000001   __TI_args_main
00000050   __stack
000007b0   __STACK_SIZE
00000800   __STACK_END
00000880   _DevEmuRegs
00000a80   _FlashRegs
00000ae0   _CsmRegs
00000b00   _AdcMirror
00000b20   _XintfRegs
00000c00   _CpuTimer0Regs
00000c08   _CpuTimer1Regs
00000c10   _CpuTimer2Regs
00000ce0   _PieCtrlRegs
00000d00   _PieVectTable
00001000   _DmaRegs
00005000   _McbspaRegs
00005040   _McbspbRegs
00006000   _ECanaRegs
00006040   _ECanaLAMRegs
00006080   _ECanaMOTSRegs
000060c0   _ECanaMOTORegs
00006100   _ECanaMboxes
00006200   _ECanbRegs
00006240   _ECanbLAMRegs
00006280   _ECanbMOTSRegs
000062c0   _ECanbMOTORegs
00006300   _ECanbMboxes
00006800   _EPwm1Regs
00006840   _EPwm2Regs
00006880   _EPwm3Regs
000068c0   _EPwm4Regs
00006900   _EPwm5Regs
00006940   _EPwm6Regs
00006a00   _ECap1Regs
00006a20   _ECap2Regs
00006a40   _ECap3Regs
00006a60   _ECap4Regs
00006a80   _ECap5Regs
00006aa0   _ECap6Regs
00006b00   _EQep1Regs
00006b40   _EQep2Regs
00006f80   _GpioCtrlRegs
00006fc0   _GpioDataRegs
00006fe0   _GpioIntRegs
00007010   _SysCtrlRegs
00007040   _SpiaRegs
00007050   _SciaRegs
00007070   _XIntruptRegs
00007100   _AdcRegs
00007750   _ScibRegs
00007770   _ScicRegs
00007900   _I2caRegs
00008000   _nGblSciState
0000800c   _fGblUDELAY6
0000800e   _fGblMULT45
00008010   _fGblUDELAY9
00008012   _fGblUDELAY4
00008014   _fGblUDELAY11
0000802a   _fGblSUMP9
0000802c   _fGblSUMP6
0000802e   _fGblSUMP21
00008030   _fGblP19
00008032   _aGblSciInitStr
00008034   _fGblUDELAY5
00008036   _fGblMULT46
00008038   _fGblFunVar55
0000803a   _fGblMULT23
0000803c   _fGblUDELAY3
0000803e   _fGblMULT14
00008040   _fGblMULT33
00008042   _fGblMULT22
00008046   _aGblSciInValue
0000804c   _aGblSciOutCnt
00008057   _aGblSciDateSetPt
00008062   _aGblSciOutAllow
00008080   _aGblSciOutBuf
0000cb80   _PSA_AryRatio
0000cb98   _PSA_AryMinVal
0000cbc0   _PSA_AryMaxVal
0000cbd8   _PSD_nSciNo
0000cbdc   _PSD_pSciRegs
0000cbe2   _PSD_Tcom0
0000cbfe   _PSD_CpuClock
0000cbff   _errno
0000cc34   __unlock
0000cc36   __lock
0000cc38   ___TI_cleanup_ptr
0000cc3a   ___TI_dtors_ptr
0000cc3c   .text
0000cc3c   _PSI_GetPwmRegPt
0000cc3c   ___text__
0000cc4b   _PS_StopPwm
0000cc54   _PS_StartStopPwmClock
0000cc64   _PS_StartPwm
0000cc75   _PSI_SetPwmVector
0000ccba   _PS_SetPwmVector
0000cd13   _PS_SetPwmTzAct
0000cd39   _PSI_InitTzGpio
0000cd9d   _PS_SetPwmTripZone
0000cdd4   _PS_SetPwmTZVector
0000ce37   _PS_SetPwmRateSL
0000ce72   _PS_SetPwmRateSH
0000cead   _PSI_SetPwmPeakOffset
0000cef9   _PS_SetPwmPeakOffset
0000cf04   _PSI_SetPwmTrigPos
0000cf34   _PS_SetPwmIntrType
0000cffc   _PS_SetHRPwmRate
0000d057   _PS_IsPwm6OneShotTZ
0000d05d   _PS_IsPwm5OneShotTZ
0000d063   _PS_IsPwm4OneShotTZ
0000d069   _PS_IsPwm3OneShotTZ
0000d06f   _PS_IsPwm2OneShotTZ
0000d075   _PS_IsPwm1OneShotTZ
0000d07b   _PS_EnableSlavePhase
0000d0c9   _PS_InitPwmPhase
0000d0d8   _PSI_CheckCode
0000d0f6   _PSI_CalClkDiv
0000d1be   _PSI_SetPwmAction
0000d1e8   _PSI_InitOnePwm
0000d248   _PS_InitPwm
0000d26f   _PS_ExitTZoneIntrClrOsht
0000d283   _PS_ExitTZoneIntrClrCbc
0000d297   _PS_ExitTZoneIntr
0000d29c   _PS_ExitPwmNormal
0000d2a6   _PS_ExitPwmGeneral
0000d2c5   _PS_ExitPwmAdc2Trig
0000d2d3   _PS_ExitPwmAdc2Intr
0000d2e1   _PS_ExitPwmAdc1Trig
0000d2ef   _PS_ExitPwmAdc1Intr
0000d2fd   _PS_ExitPwm6General
0000d31a   _PS_ExitPwm5General
0000d337   _PS_ExitPwm4General
0000d354   _PS_ExitPwm3General
0000d371   _PS_ExitPwm2General
0000d38e   _PS_ExitPwm1General
0000d3ab   _PS_EnableMasterPhase
0000d3b4   _PS_StopPwm3ph2
0000d3c4   _PS_StopPwm3ph1
0000d3d4   _PS_StartPwm3ph2
0000d3e4   _PS_StartPwm3ph1
0000d3f4   _PS_SetPwm3phPeakOffset
0000d425   _PS_SetPwm3ph2Vector
0000d42a   _PS_SetPwm3ph2UvwSL
0000d4b2   _PS_SetPwm3ph2UvwSH
0000d540   _PS_SetPwm3ph2TzAct
0000d550   _PS_SetPwm3ph2TripZone
0000d566   _PS_SetPwm3ph2AdcIntr
0000d56c   _PS_SetPwm3ph1Vector
0000d571   _PS_SetPwm3ph1UvwSL
0000d5ef   _PS_SetPwm3ph1UvwSH
0000d675   _PS_SetPwm3ph1TzAct
0000d685   _PS_SetPwm3ph1TripZone
0000d69b   _PS_SetPwm3ph1AdcIntr
0000d6a1   _PS_SetHRPwm3ph2Uvw
0000d78f   _PS_SetHRPwm3ph1Uvw
0000d871   _PSI_InitEPwmGpio
0000d97e   _PS_InitPwm3ph
0000d9c0   _PS_ExitPwm3ph2TZoneIntrClrOsht
0000d9d8   _PS_ExitPwm3ph2TZoneIntrClrCbc
0000d9f0   _PS_ExitPwm3ph2TZoneIntr
0000d9f5   _PS_ExitPwm3ph2Normal
0000d9fe   _PS_ExitPwm3ph2General
0000da1b   _PS_ExitPwm3ph2Adc2Trig
0000da28   _PS_ExitPwm3ph2Adc2Intr
0000da36   _PS_ExitPwm3ph2Adc1Trig
0000da43   _PS_ExitPwm3ph2Adc1Intr
0000da51   _PS_ExitPwm3ph1TZoneIntrClrOsht
0000da69   _PS_ExitPwm3ph1TZoneIntrClrCbc
0000da81   _PS_ExitPwm3ph1TZoneIntr
0000da86   _PS_ExitPwm3ph1Normal
0000da8f   _PS_ExitPwm3ph1General
0000daac   _PS_ExitPwm3ph1Adc2Trig
0000dab9   _PS_ExitPwm3ph1Adc2Intr
0000dac7   _PS_ExitPwm3ph1Adc1Trig
0000dad4   _PS_ExitPwm3ph1Adc1Intr
0000dae2   _Task
0000e125   _Task_1
0000e161   _Task_2
0000e1f6   __ProcSciInputItem
0000e2ac   __ProcSciRestart
0000e2de   __ProcSciWaitStart
0000e2f0   __ProcSciOutput
0000e3a3   _TaskS2
0000e6b6   _Initialize
0000e742   _main
0000e74a   _PS_SetCaptureIntrVector
0000e7b5   _PS_IsRisingEdgeCap6
0000e7bb   _PS_IsRisingEdgeCap5
0000e7c1   _PS_IsRisingEdgeCap4
0000e7c7   _PS_IsRisingEdgeCap3
0000e7cd   _PS_IsRisingEdgeCap2
0000e7d3   _PS_IsRisingEdgeCap1
0000e7d9   _PSI_CapSetGpio
0000e8e6   _PS_InitCapture
0000e959   _PS_GetCaptureCount
0000e985   _PS_GetCapture6Cap2Time
0000e996   _PS_GetCapture6Cap2
0000e99a   _PS_GetCapture6Cap1Time
0000e9ab   _PS_GetCapture6Cap1
0000e9af   _PS_GetCapture5Cap2Time
0000e9c0   _PS_GetCapture5Cap2
0000e9c4   _PS_GetCapture5Cap1Time
0000e9d5   _PS_GetCapture5Cap1
0000e9d9   _PS_GetCapture4Cap2Time
0000e9ea   _PS_GetCapture4Cap2
0000e9ee   _PS_GetCapture4Cap1Time
0000e9ff   _PS_GetCapture4Cap1
0000ea03   _PS_GetCapture3Cap2Time
0000ea14   _PS_GetCapture3Cap2
0000ea18   _PS_GetCapture3Cap1Time
0000ea29   _PS_GetCapture3Cap1
0000ea2d   _PS_GetCapture2Cap2Time
0000ea3e   _PS_GetCapture2Cap2
0000ea42   _PS_GetCapture2Cap1Time
0000ea53   _PS_GetCapture2Cap1
0000ea57   _PS_GetCapture1Cap2Time
0000ea68   _PS_GetCapture1Cap2
0000ea6c   _PS_GetCapture1Cap1Time
0000ea7d   _PS_GetCapture1Cap1
0000ea81   _PS_GetCap6CurTime
0000ea97   _PS_GetCap6CurCount
0000ea9f   _PS_GetCap5CurTime
0000eab5   _PS_GetCap5CurCount
0000eabd   _PS_GetCap4CurTime
0000ead3   _PS_GetCap4CurCount
0000eadb   _PS_GetCap3CurTime
0000eaf1   _PS_GetCap3CurCount
0000eaf9   _PS_GetCap2CurTime
0000eb0f   _PS_GetCap2CurCount
0000eb17   _PS_GetCap1CurTime
0000eb2d   _PS_GetCap1CurCount
0000eb35   _PS_ExitCapture6Intr
0000eb3e   _PS_ExitCapture5Intr
0000eb47   _PS_ExitCapture4Intr
0000eb50   _PS_ExitCapture3Intr
0000eb59   _PS_ExitCapture2Intr
0000eb62   _PS_ExitCapture1Intr
0000eb6b   _PSI_GetCapRegs
0000eb7a   _PS_WaitAdcGrpBReady
0000eb9e   _PS_WaitAdcGrpAReady
0000ebc2   _PS_WaitAdcGrpA
0000ebc9   _PS_SetAdcIntrVector
0000ebe2   _PSI_SetAdType
0000ec02   _PS_SetAdcConvSeq
0000ec7b   _PS_ResetAdcConvSeq
0000ec8d   _PS_IsAdcGrpBReady
0000ec93   _PS_IsAdcGrpAReady
0000ec98   _PS_GetDcAdc
0000ecb2   _PS_GetAdcValue
0000ecb7   _PS_GetAcAdc
0000ecd9   _PSI_SetAdcSpeed
0000ed52   _PS_AdcInit
0000eee7   _PS_SetInSigSampleTime
0000ef46   _PS_SetExtIntrVector
0000f055   _PSI_AskSampleClkSetting
0000f092   _PS_InitDigitIn
0000f130   _PS_GetDigitInValue
0000f150   _PS_GetDigitInC
0000f154   _PS_GetDigitInB
0000f158   _PS_GetDigitInA
0000f15c   _PS_ExitExtIntrOther
0000f161   _PS_ExitExtIntrFirst2
0000f166   _PS_StopCapPwm
0000f181   _PS_StartCapPwm
0000f193   _PS_SetCapPwmRate
0000f200   _PS_SetCapPwmPeakOffset
0000f223   _PS_SetCapPwmIntrVector
0000f281   _PS_InitCapPwmPhase
0000f2b0   _PSI_CalCapClkDiv
0000f2db   _PS_InitCapPwm
0000f345   _PS_CapPwmTrigSync
0000f34b   _PS_CapPwmSetPhase
0000f364   _PS_CapPwmRun
0000f36a   _PS_SciSendItem
0000f39a   _PS_SciSendInitStr
0000f3b2   _PS_SciInit
0000f4fe   _PS_SciClearSendBuf
0000f503   _PS_IsTxQueueEmpty
0000f50b   _PS_IsTxBufEmpty
0000f516   _PSI_SciTxIntAISR
0000f5e7   _PSI_SciRxIntAISR
0000f67a   _PSI_DisableDog
0000f682   _PSI_InitPLLCR
0000f6d0   _PSI_InitPeripheralClocks
0000f72f   _PSI_InitSysCtrl
0000f737   _PSI_InitPieCtrl
0000f759   _PSI_InitPieVectTable
0000f769   _PS_SysInit
0000f786   _PS_DelayUs
0000f7a4   _PS_DelayMs
0000f7c7   _PSI_GetLspClk
0000f7dc   _PS_SetTimerIntrVector
0000f7f8   _PS_InitTimer
0000f864   _PS_GetSysTimer
0000f869   _PS_GetBigTime
0000f87f   _exp
0000f8e7   _pow
0000f941   __log
0000f991   _c_int00
0000f9d7   _ldexp
0000fa08   I$$DIV
0000fa19   I$$MOD
0000fa2a   _PSI_SysTimerIntr
0000fa44   __args_main
0000fa5d   C$$EXIT
0000fa5d   _abort
0000fa5f   _exit
0000fa76   FS$$DIV
0000fa8f   _frexp
0000faa5   _PSI_ReservedISR
0000fab2   U$$DIV
0000fab7   U$$MOD
0000fabd   __register_unlock
0000fac1   __register_lock
0000fac5   __nop
0000face   _DSP28x_usDelay
0000fad2   ___cinit__
0000fad2   ___etext__
0000fad2   cinit
0000fad2   etext
0000fc98   _aryCapRegs
0000fca4   _pPwmRegs
0033fff8   _CsmPwl
00380080   _ADC_cal
ffffffff   ___binit__
ffffffff   ___c_args__
ffffffff   ___pinit__
ffffffff   binit
ffffffff   pinit

[330 symbols]
